
> daylog-frontend@0.1.0 build
> prisma generate && next build

Environment variables loaded from .env
Prisma schema loaded from prisma\schema.prisma

Γ£ö Generated Prisma Client (v5.22.0) to .\node_modules\@prisma\client in 100ms

Start by importing your Prisma Client (See: https://pris.ly/d/importing-client)

Tip: Want to react to database changes in your app as they happen? Discover how with Pulse: https://pris.ly/tip-1-pulse

   Γû▓ Next.js 14.0.4
   - Environments: .env

   Creating an optimized production build ...
 Γ£ô Compiled successfully
   Linting and checking validity of types ...
npm : 
At line:1 char:1
+ npm run build 2>&1 > build_output.txt; $LASTEXITCODE
+ ~~~~~~~~~~~~~~~~~~~~~~~~~~~~~~~~~~~~~
    + CategoryInfo          : NotSpecified: (:String) [], RemoteException
    + FullyQualifiedErrorId : NativeCommandError
 
Failed to compile.

./app/(dashboard)/activities/create/page.tsx
78:6  Warning: React Hook useEffect has a missing dependency: 'formData.teamId'. Either include it or 
remove the dependency array.  react-hooks/exhaustive-deps
85:6  Warning: React Hook useEffect has a missing dependency: 'loadWfhUsage'. Either include it or remove 
the dependency array.  react-hooks/exhaustive-deps

./app/(dashboard)/activities/page.tsx
55:6  Warning: React Hook useEffect has a missing dependency: 'loadTeams'. Either include it or remove the 
dependency array.  react-hooks/exhaustive-deps
61:6  Warning: React Hook useEffect has a missing dependency: 'loadActivities'. Either include it or 
remove the dependency array.  react-hooks/exhaustive-deps
66:6  Warning: React Hook useEffect has a missing dependency: 'filterAndSortActivities'. Either include it 
or remove the dependency array.  react-hooks/exhaustive-deps

./app/(dashboard)/activities/[id]/page.tsx
65:6  Warning: React Hook useEffect has a missing dependency: 'loadActivityDetails'. Either include it or 
remove the dependency array.  react-hooks/exhaustive-deps

./app/(dashboard)/dashboard/page.tsx
20:6  Warning: React Hook useEffect has a missing dependency: 'loadUserActivities'. Either include it or 
remove the dependency array.  react-hooks/exhaustive-deps

./app/(dashboard)/manage-points/page.tsx
15:51  Error: `'` can be escaped with `&apos;`, `&lsquo;`, `&#39;`, `&rsquo;`.  react/no-unescaped-entities

./app/(dashboard)/my-rewards/page.tsx
24:65  Error: `"` can be escaped with `&quot;`, `&ldquo;`, `&#34;`, `&rdquo;`.  react/no-unescaped-entities
24:73  Error: `"` can be escaped with `&quot;`, `&ldquo;`, `&#34;`, `&rdquo;`.  react/no-unescaped-entities

./app/(dashboard)/poker/page.tsx
21:6  Warning: React Hook useEffect has missing dependencies: 'loadSessions' and 
'loadSessionsFromStorage'. Either include them or remove the dependency array.  react-hooks/exhaustive-deps

./app/(dashboard)/redemption-approvals/page.tsx
15:51  Error: `'` can be escaped with `&apos;`, `&lsquo;`, `&#39;`, `&rsquo;`.  react/no-unescaped-entities
38:108  Error: `"` can be escaped with `&quot;`, `&ldquo;`, `&#34;`, `&rdquo;`.  
react/no-unescaped-entities
38:117  Error: `"` can be escaped with `&quot;`, `&ldquo;`, `&#34;`, `&rdquo;`.  
react/no-unescaped-entities
42:71  Error: `'` can be escaped with `&apos;`, `&lsquo;`, `&#39;`, `&rsquo;`.  react/no-unescaped-entities

./app/(dashboard)/reports/activity/page.tsx
107:6  Warning: React Hook useEffect has a missing dependency: 'setMonthPeriod'. Either include it or 
remove the dependency array.  react-hooks/exhaustive-deps
111:6  Warning: React Hook useEffect has a missing dependency: 'loadReport'. Either include it or remove 
the dependency array.  react-hooks/exhaustive-deps

./app/(dashboard)/reports/page.tsx
26:6  Warning: React Hook useEffect has a missing dependency: 'loadUserTeams'. Either include it or remove 
the dependency array.  react-hooks/exhaustive-deps

./app/(dashboard)/reports/productivity/page.tsx
154:6  Warning: React Hook useEffect has a missing dependency: 'setMonthPeriod'. Either include it or 
remove the dependency array.  react-hooks/exhaustive-deps
158:6  Warning: React Hook useEffect has a missing dependency: 'loadReport'. Either include it or remove 
the dependency array.  react-hooks/exhaustive-deps

./app/(dashboard)/reports/system/page.tsx
110:6  Warning: React Hook useEffect has a missing dependency: 'setMonthPeriod'. Either include it or 
remove the dependency array.  react-hooks/exhaustive-deps
116:6  Warning: React Hook useEffect has a missing dependency: 'loadReport'. Either include it or remove 
the dependency array.  react-hooks/exhaustive-deps

./app/(dashboard)/teams/page.tsx
21:6  Warning: React Hook useEffect has a missing dependency: 'loadTeams'. Either include it or remove the 
dependency array.  react-hooks/exhaustive-deps

./app/(dashboard)/teams/[id]/page.tsx
48:6  Warning: React Hook useEffect has a missing dependency: 'loadTeamAndUsers'. Either include it or 
remove the dependency array.  react-hooks/exhaustive-deps

./app/(dashboard)/users/page.tsx
18:6  Warning: React Hook useEffect has a missing dependency: 'loadUsers'. Either include it or remove the 
dependency array.  react-hooks/exhaustive-deps

./app/(dashboard)/users/[id]/page.tsx
42:6  Warning: React Hook useEffect has a missing dependency: 'loadUser'. Either include it or remove the 
dependency array.  react-hooks/exhaustive-deps

./components/BrowseRewards.tsx
56:6  Warning: React Hook useEffect has a missing dependency: 'fetchRewards'. Either include it or remove 
the dependency array.  react-hooks/exhaustive-deps

./components/ManagePointsPanel.tsx
28:6  Warning: React Hook useEffect has a missing dependency: 'fetchMembers'. Either include it or remove 
the dependency array.  react-hooks/exhaustive-deps

./components/ManageRewards.tsx
34:6  Warning: React Hook useEffect has a missing dependency: 'fetchRewards'. Either include it or remove 
the dependency array.  react-hooks/exhaustive-deps

./components/MyRewards.tsx
33:6  Warning: React Hook useEffect has a missing dependency: 'fetchRedemptions'. Either include it or 
remove the dependency array.  react-hooks/exhaustive-deps

./components/ProfileDrawer.tsx
37:6  Warning: React Hook useEffect has a missing dependency: 'fetchUserPoints'. Either include it or 
remove the dependency array.  react-hooks/exhaustive-deps

./components/RedemptionApprovalPanel.tsx
31:6  Warning: React Hook useEffect has a missing dependency: 'fetchRedemptions'. Either include it or 
remove the dependency array.  react-hooks/exhaustive-deps

info  - Need to disable some ESLint rules? Learn more here: 
https://nextjs.org/docs/basic-features/eslint#disabling-rules
